* [ ] Call dentist start:2026-05-23
* [ ] Take meds snooze:2026-05-23

## TODO.md

* [ ] Pay bills 📅:2026-05-23

## scenarios/checked-unchecked/tasks.md

* [ ] Todo
* [ ] Future 📅:2026-06-01

## scenarios/date-before/tasks.md

* [ ] Overdue 📅:2026-04-01

## scenarios/ephemeral-due-today/tasks.md

* [ ] Due today stays 📅:2026-05-03 ⏳:1

## scenarios/ephemeral-no-deadline/tasks.md

* [ ] Normal task
* [ ] Ephemeral but no due date ⏳:1

## scenarios/ephemeral-overdue/tasks.md



## scenarios/exclude-patterns/active.md

* [ ] Active task

## scenarios/exclude-patterns/archive/old.md

* [ ] Old archived task

## scenarios/exclude-patterns/templates/weekly.md

* [ ] Template task placeholder
* [ ] Without

## scenarios/field-exists/tasks.md

* [ ] Take out trash
* [ ] With 📅:2026-05-01

## scenarios/incomplete-alert/chores.md

* [ ] Clean the house
* [ ] Do laundry

## scenarios/incomplete-alert/tasks.md

* [ ] Buy groceries

## scenarios/init-pass/already-normalized.md

* [ ] Already normalized task 📅:2026-05-23

## scenarios/init-pass/needs-normalization.md

* [ ] Sub task
* [ ] Task without trailing newline 📅:2026-05-23

## scenarios/init-pass/with-frontmatter.md

* [ ] Task with [[Link]]
  * [ ] Sub task

## scenarios/init-pass/with-unchecked-task.md

* [ ] Unchecked task without completion date
* [ ] Review ![[Projects/diagram_v2.png]]
* [ ] See also [[Archive/Old_Project]]

## scenarios/init-pass/with-wikilinks.md

* [ ] Read [[Meeting Notes/2024-01]]

## scenarios/move-transcript-basic/transcripts/meeting.transcript.md

* [ ] Keep local note

## scenarios/move-transcript-source-override/notes/tasks.md

* [ ] Keep this line

## scenarios/non-ephemeral-overdue/tasks.md

* [ ] B
* [ ] Overdue but not ephemeral 📅:2026-04-01

## scenarios/not-predicate/tasks.md

* [ ] A 📅:2026-05-23

## scenarios/relative-dates/tasks.md

* [ ] Task A 📅:2026-05-22

## scenarios/repeatTasks-already-copied/tasks.md

* [ ] Already rolled task
* [ ] Incomplete beta

## scenarios/sort-tasks-basic/tasks.md

* [ ] Incomplete alpha

## scenarios/unchecked-today/tasks.md

* [ ] Todo 📅:2026-05-23
